// Typelizer digest 6ce3c65b80fbe9bc47b9c92040a8847a
//
// DO NOT MODIFY: This file was automatically generated by Typelizer.
import type {ArSerializableUser} from '@/types'

type ArSerializablePostData = {
  id: number;
  title?: string | null;
  user?: ArSerializableUser | null;
  id: number;
  type: string;
}

type ArSerializablePost = {
  data: ArSerializablePostData;
  meta?: object;
}

export default ArSerializablePost;
