// Typelizer digest dc72f87cf40cfa7d431c77da93211e05
//
// DO NOT MODIFY: This file was automatically generated by Typelizer.
import type {ArSerializablePost} from '@/types'

type ArSerializableUserData = {
  id: number;
  username: string;
  invitor?: ArSerializableUser | null;
  posts?: Array<ArSerializablePost> | null;
  latest_post?: ArSerializablePost | null;
  id: number;
  type: string;
}

type ArSerializableUser = {
  data: ArSerializableUserData;
  meta?: object;
}

export default ArSerializableUser;
