// Typelizer digest 365c1ac6752e93678cd01cc1a5f083b4
//
// DO NOT MODIFY: This file was automatically generated by Typelizer.
import type {JsonapiUser} from '@/types'

type JsonapiPostData = {
  id: number;
  title?: string | null;
  category?: "news" | "article" | "blog" | null;
  body?: string | null;
  published_at?: string | null;
  name: string;
  user?: JsonapiUser | null;
  id: number;
  type: string;
}

type JsonapiPost = {
  data: JsonapiPostData;
  meta?: object;
}

export default JsonapiPost;
