// Typelizer digest 29460d26594ee5820f8fea12b5b876f5
//
// DO NOT MODIFY: This file was automatically generated by Typelizer.
import type {JsonapiPost} from '@/types'

type JsonapiUserData = {
  /** Unique identifier */
  id: string | null;
  username: string;
  active: boolean;
  name: string;
  first_name: string;
  invitor?: JsonapiUser | null;
  posts?: Array<JsonapiPost> | null;
  /** Unique identifier */
  id: string | null;
  type: string;
}

type JsonapiUser = {
  data: JsonapiUserData;
  meta?: object;
}

export default JsonapiUser;
