// Typelizer digest 9b4837f7a49550863573ca27b7027208
//
// DO NOT MODIFY: This file was automatically generated by Typelizer.
import type {JsonapiPost} from '@/types'

type JsonapiUserAuthorData = {
  /** Unique identifier */
  id: string;
  /** Author login handle */
  username: string | null;
  avatar: unknown;
  typed_avatar: string | null;
  posts?: Array<JsonapiPost> | null;
  /** Unique identifier */
  id: string;
  type: string;
}

type JsonapiUserAuthor = {
  data: JsonapiUserAuthorData;
  meta?: object;
}

export default JsonapiUserAuthor;
