// Typelizer digest 7f9e3f6c11efea83e55c79dbffd924c5
//
// DO NOT MODIFY: This file was automatically generated by Typelizer.
import type {JsonapiUser, JsonapiPost} from '@/types'

type JsonapiUserSerializerFooData = {
  /** Unique identifier */
  id?: number | null;
  username: string;
  active: boolean;
  name: string;
  first_name: string;
  created_at: string;
  invitor?: JsonapiUser | null;
  posts?: Array<JsonapiPost> | null;
  /** Unique identifier */
  id?: number | null;
  type: string;
}

type JsonapiUserSerializerFoo = {
  data: JsonapiUserSerializerFooData;
  meta?: object;
}

export default JsonapiUserSerializerFoo;
