// Typelizer digest f7e407cea722476715a8047c771347bc
//
// DO NOT MODIFY: This file was automatically generated by Typelizer.
import type {JsonapiArUser} from '@/types'

type JsonapiArPostData = {
  /** Unique identifier */
  id: string;
  title?: string | null;
  user?: JsonapiArUser | null;
  /** Unique identifier */
  id: string;
  type: string;
}

type JsonapiArPost = {
  data: JsonapiArPostData;
  meta?: object;
}

export default JsonapiArPost;
