// Typelizer digest 6247f25213b50cf9fcd482abb3a8e437
//
// DO NOT MODIFY: This file was automatically generated by Typelizer.

type JsonapiBaseData = {
  /** Unique identifier */
  id: string;
  type: string;
}

type JsonapiBase = {
  data: JsonapiBaseData;
  meta?: object;
}

export default JsonapiBase;
