// Typelizer digest c45dc97f82bddb33bf46819b5e80d65c
//
// DO NOT MODIFY: This file was automatically generated by Typelizer.
import type {JsonapiArPost} from '@/types'

type JsonapiArUserData = {
  /** Unique identifier */
  id: string;
  username: string;
  invitor?: JsonapiArUser | null;
  posts?: Array<JsonapiArPost> | null;
  latest_post?: JsonapiArPost | null;
  /** Unique identifier */
  id: string;
  type: string;
}

type JsonapiArUser = {
  data: JsonapiArUserData;
  meta?: object;
}

export default JsonapiArUser;
