// Typelizer digest 8fd313a55df4c2851d3459a6c3b9fc49
//
// DO NOT MODIFY: This file was automatically generated by Typelizer.
import type {SerializableUser} from '@/types'

type SerializablePostData = {
  id: number;
  title?: string | null;
  category?: "news" | "article" | "blog" | null;
  body?: string | null;
  published_at?: string | null;
  name: string;
  user?: SerializableUser | null;
  id: number;
  type: string;
}

type SerializablePost = {
  data: SerializablePostData;
  meta?: object;
}

export default SerializablePost;
