// Typelizer digest 76eba96efa79c792288f1c97c5c64b7c
//
// DO NOT MODIFY: This file was automatically generated by Typelizer.
import type {SerializableUser, SerializablePost} from '@/types'

type SerializableUserFooData = {
  id?: number | null;
  username: string;
  active: boolean;
  name: string;
  first_name: string;
  created_at: string;
  invitor?: SerializableUser | null;
  posts?: Array<SerializablePost> | null;
  id?: number | null;
  type: string;
}

type SerializableUserFoo = {
  data: SerializableUserFooData;
  meta?: object;
}

export default SerializableUserFoo;
