// Typelizer digest eeabd1ca0a14cf848d1391b7bd4e3eeb
//
// DO NOT MODIFY: This file was automatically generated by Typelizer.
import type {SerializablePost} from '@/types'

type SerializableUserAuthorData = {
  id: number;
  /** Author login handle */
  username: string | null;
  avatar: unknown;
  typed_avatar: string | null;
  posts?: Array<SerializablePost> | null;
  id: number;
  type: string;
}

type SerializableUserAuthor = {
  data: SerializableUserAuthorData;
  meta?: object;
}

export default SerializableUserAuthor;
