// Typelizer digest 17154ffc9dba0374e59eb2f830f14e29
//
// DO NOT MODIFY: This file was automatically generated by Typelizer.
import type {SerializablePost} from '@/types'

type SerializableUserData = {
  id: string | null;
  username: string;
  active: boolean;
  name: string;
  first_name: string;
  invitor?: SerializableUser | null;
  posts?: Array<SerializablePost> | null;
  id: string | null;
  type: string;
}

type SerializableUser = {
  data: SerializableUserData;
  meta?: object;
}

export default SerializableUser;
